node.exe : FAIL ./test.test.js
At line:1 char:1
+ & "C:\Program Files\nodejs/node.exe" 
"C:\Program Files\nodejs/node_mo ...
+ ~~~~~~~~~~~~~~~~~~~~~~~~~~~~~~~~~~~~~~~~~~~~~
~~~~~~~~~~~~~~~~~~~~~~~~
    + CategoryInfo          : NotSpecified: (F 
   AIL ./test.test.js:String) [], RemoteExcep  
  tion
    + FullyQualifiedErrorId : NativeCommandErr 
   or
 
  Anti-Gravity Protocol Validation
    ├ù Tenant Isolation Assurance 
(Cross-Pollination Check) (14 ms)
    ├ù RBAC Matrix and Entitlement 
Verification (11 ms)
    ├ù Transactional Integrity Evaluation (19 
ms)

  ΓùÅ Anti-Gravity Protocol Validation ΓÇ║ 
Tenant Isolation Assurance (Cross-Pollination 
Check)

    expect(received).toBe(expected) // 
Object.is equality

    Expected: 200
    Received: 500

    [0m [90m 56 |[39m       [33m.[39m[36m
set[39m([32m'x-user-id'[39m[33m,[39m userB
[33m.[39m_id[33m.[39mtoString())[33m;[39m
     [90m 57 |[39m       
    [31m[1m>[22m[39m[90m 58 |[39m     exp
ect(res[33m.[39mstatus)[33m.[39mtoBe([35m2
00[39m)[33m;[39m
     [90m    |[39m                        
[31m[1m^[22m[39m
     [90m 59 |[39m     expect(res[33m.[39mb
ody[33m.[39mlength)[33m.[39mtoBe([35m5[39
m)[33m;[39m [90m// Only sees 5 users, not 
105![39m
     [90m 60 |[39m     
     [90m 61 |[39m     [90m// Prove it's 
not a general find by checking Tenant A as 
well just to be certain[39m[0m

      at Object.toBe (test.test.js:58:24)

  ΓùÅ Anti-Gravity Protocol Validation ΓÇ║ 
RBAC Matrix and Entitlement Verification

    expect(received).toBe(expected) // 
Object.is equality

    Expected: 403
    Received: 500

    [0m [90m 83 |[39m       [33m.[39m[36m
set[39m([32m'x-user-id'[39m[33m,[39m userB
[33m.[39m_id[33m.[39mtoString())[33m;[39m
     [90m 84 |[39m     
    [31m[1m>[22m[39m[90m 85 |[39m     exp
ect(resRbac[33m.[39mstatus)[33m.[39mtoBe([
35m403[39m)[33m;[39m
     [90m    |[39m                           
 [31m[1m^[22m[39m
     [90m 86 |[39m     
     [90m 87 |[39m     [90m// 2. 
Entitlement Check: Block free tier tenant 
(Tenant B) from accessing inventory module[39m
     [90m 88 |[39m     [36mconst[39m 
resEntitlement [33m=[39m [36mawait[39m 
request(app)[0m

      at Object.toBe (test.test.js:85:28)

  ΓùÅ Anti-Gravity Protocol Validation ΓÇ║ 
Transactional Integrity Evaluation

    expect(received).toBeGreaterThan(expected)

    Expected: > 0
    Received:   0

    [0m [90m 134 |[39m     
     [90m 135 |[39m     [90m// At least one 
must fail due to overdrawing the 14 days 
credit[39m
    [31m[1m>[22m[39m[90m 136 |[39m     ex
pect(failures[33m.[39mlength)[33m.[39mtoBeG
reaterThan([35m0[39m)[33m;[39m
     [90m     |[39m                          
   [31m[1m^[22m[39m
     [90m 137 |[39m     
     [90m 138 |[39m     [90m// DB state 
verification[39m
     [90m 139 |[39m     [36mconst[39m 
employeeFinal [33m=[39m [36mawait[39m [33m
EmployeeProfile[39m[33m.[39mfindById(employe
e[33m.[39m_id)[33m;[39m[0m

      at Object.toBeGreaterThan 
(test.test.js:136:29)

Test Suites: 1 failed, 1 total
Tests:       3 failed, 3 total
Snapshots:   0 total
Time:        2.962 s, estimated 3 s
Ran all test suites.
